127.0.0.1 - - [27/Sep/2021:08:48:41 +0900] "GET / HTTP/1.1" 404 1074
0:0:0:0:0:0:0:1 - - [27/Sep/2021:08:48:42 +0900] "GET /ServletTest/T01_ServletLifeCycle HTTP/1.1" 200 -
127.0.0.1 - - [27/Sep/2021:09:03:23 +0900] "GET / HTTP/1.1" 404 1074
0:0:0:0:0:0:0:1 - - [27/Sep/2021:09:03:23 +0900] "GET /ServletTest/T03_ServletParameterTest HTTP/1.1" 200 124
0:0:0:0:0:0:0:1 - - [27/Sep/2021:09:03:25 +0900] "GET /ServletTest/formdata.html HTTP/1.1" 304 -
0:0:0:0:0:0:0:1 - - [27/Sep/2021:09:03:25 +0900] "GET /favicon.ico HTTP/1.1" 404 1085
0:0:0:0:0:0:0:1 - - [27/Sep/2021:09:03:37 +0900] "POST /ServletTest/T03_ServletParameterTest HTTP/1.1" 200 431
127.0.0.1 - - [27/Sep/2021:09:48:09 +0900] "GET / HTTP/1.1" 404 1074
0:0:0:0:0:0:0:1 - - [27/Sep/2021:09:48:56 +0900] "GET /ServletStudy/formdata.html HTTP/1.1" 200 1853
0:0:0:0:0:0:0:1 - - [27/Sep/2021:09:48:56 +0900] "GET /favicon.ico HTTP/1.1" 404 1085
0:0:0:0:0:0:0:1 - - [27/Sep/2021:09:49:32 +0900] "GET /ServletTest/T04_ErrorHandler HTTP/1.1" 200 127
127.0.0.1 - - [27/Sep/2021:09:50:00 +0900] "GET / HTTP/1.1" 404 1074
0:0:0:0:0:0:0:1 - - [27/Sep/2021:09:50:04 +0900] "GET /ServletTest/T04_ErrorHandler HTTP/1.1" 200 122
127.0.0.1 - - [27/Sep/2021:10:06:01 +0900] "GET / HTTP/1.1" 404 1074
0:0:0:0:0:0:0:1 - - [27/Sep/2021:10:06:02 +0900] "GET /ServletTest/T04_ErrorHandler HTTP/1.1" 200 157
127.0.0.1 - - [27/Sep/2021:10:08:04 +0900] "GET / HTTP/1.1" 404 1074
127.0.0.1 - - [27/Sep/2021:10:14:59 +0900] "GET / HTTP/1.1" 404 1074
0:0:0:0:0:0:0:1 - - [27/Sep/2021:10:15:16 +0900] "GET /ServletTest/T01_ServletLifeCycle HTTP/1.1" 500 1632
127.0.0.1 - - [27/Sep/2021:10:19:59 +0900] "GET / HTTP/1.1" 404 1074
0:0:0:0:0:0:0:1 - - [27/Sep/2021:10:20:05 +0900] "GET /ServletTest/T01_ServletLifeCycle HTTP/1.1" 500 415
0:0:0:0:0:0:0:1 - - [27/Sep/2021:10:22:24 +0900] "GET /ServletTest/T01_ServletLifeCycle HTTP/1.1" 500 415
0:0:0:0:0:0:0:1 - - [27/Sep/2021:10:22:24 +0900] "GET /ServletTest/T01_ServletLifeCycle HTTP/1.1" 500 415
127.0.0.1 - - [27/Sep/2021:11:35:51 +0900] "GET / HTTP/1.1" 404 1074
0:0:0:0:0:0:0:1 - - [27/Sep/2021:11:36:10 +0900] "GET /ddd HTTP/1.1" 404 1077
0:0:0:0:0:0:0:1 - - [27/Sep/2021:11:36:19 +0900] "GET /servletTest/ddd HTTP/1.1" 404 1093
0:0:0:0:0:0:0:1 - - [27/Sep/2021:11:36:52 +0900] "GET /servletTest/ddd HTTP/1.1" 404 1093
0:0:0:0:0:0:0:1 - - [27/Sep/2021:11:37:00 +0900] "GET /servletTest/ddd HTTP/1.1" 404 1093
127.0.0.1 - - [27/Sep/2021:11:37:19 +0900] "GET / HTTP/1.1" 404 1074
0:0:0:0:0:0:0:1 - - [27/Sep/2021:11:37:23 +0900] "GET /servletTest/ddd HTTP/1.1" 404 1093
0:0:0:0:0:0:0:1 - - [27/Sep/2021:11:37:25 +0900] "GET /servletTest/ddd HTTP/1.1" 404 1093
0:0:0:0:0:0:0:1 - - [27/Sep/2021:11:37:38 +0900] "GET /ServletTest/ddd HTTP/1.1" 404 250
0:0:0:0:0:0:0:1 - - [27/Sep/2021:11:37:56 +0900] "GET /ServletTest/T01_ServletLifeCycle HTTP/1.1" 500 415
0:0:0:0:0:0:0:1 - - [27/Sep/2021:11:47:38 +0900] "GET /ServletTest/T05_ServletCookieTest HTTP/1.1" 500 1610
127.0.0.1 - - [27/Sep/2021:11:49:17 +0900] "GET / HTTP/1.1" 404 1074
0:0:0:0:0:0:0:1 - - [27/Sep/2021:11:49:21 +0900] "GET /ServletTest/T05_ServletCookieTest HTTP/1.1" 500 367
0:0:0:0:0:0:0:1 - - [27/Sep/2021:11:50:33 +0900] "GET /ServletTest/T05_ServletCookieTest?userId=ddd&name=%EC%9D%B4%EB%8F%99%EA%B7%BC HTTP/1.1" 200 197
0:0:0:0:0:0:0:1 - - [27/Sep/2021:12:02:37 +0900] "GET /ServletTest/T05_ServletCookieTest HTTP/1.1" 500 367
0:0:0:0:0:0:0:1 - - [27/Sep/2021:12:02:52 +0900] "GET /ServletTest/T05_ServletCookieTest HTTP/1.1" 500 367
127.0.0.1 - - [27/Sep/2021:12:03:08 +0900] "GET / HTTP/1.1" 404 1074
0:0:0:0:0:0:0:1 - - [27/Sep/2021:12:03:12 +0900] "GET /ServletTest/T05_ServletCookieTest HTTP/1.1" 500 367
0:0:0:0:0:0:0:1 - - [27/Sep/2021:12:03:21 +0900] "GET /ServletTest/T05_ServletCookieTest?userId=ddd&name=%EC%9D%B4%EB%8F%99%EA%B7%BC HTTP/1.1" 200 197
0:0:0:0:0:0:0:1 - - [27/Sep/2021:12:03:29 +0900] "GET /ServletTest/T05_ServletCookieTest?userId=ddd&name=%EC%9D%B4%EB%8F%99%EA%B7%BC HTTP/1.1" 200 197
0:0:0:0:0:0:0:1 - - [27/Sep/2021:12:05:00 +0900] "GET /ServletTest/T05_ServletCookieTest?userId=ddd&name=%EC%9D%B4%EB%8F%99%EA%B7%BC HTTP/1.1" 200 197
0:0:0:0:0:0:0:1 - - [27/Sep/2021:12:05:15 +0900] "GET /ServletTest/T05_ServletCookieTest?userId=hgd123123&name=%ED%99%8D%EA%B8%B8%EB%8F%99 HTTP/1.1" 200 203
0:0:0:0:0:0:0:1 - - [27/Sep/2021:12:06:30 +0900] "GET /ServletTest/T05_ServletCookieTest?userId=hgd123123&name=%ED%99%8D%EA%B8%B8%EB%8F%99 HTTP/1.1" 200 203
0:0:0:0:0:0:0:1 - - [27/Sep/2021:12:10:00 +0900] "GET /ServletTest/T01_ServletLifeCycle HTTP/1.1" 500 415
127.0.0.1 - - [27/Sep/2021:12:21:13 +0900] "GET / HTTP/1.1" 404 1074
0:0:0:0:0:0:0:1 - - [27/Sep/2021:12:21:23 +0900] "GET /ServletTest/T05_ServletCookieTest HTTP/1.1" 200 233
127.0.0.1 - - [27/Sep/2021:12:21:57 +0900] "GET / HTTP/1.1" 404 1074
0:0:0:0:0:0:0:1 - - [27/Sep/2021:12:22:02 +0900] "GET /ServletTest/T05_ServletCookieTest HTTP/1.1" 500 367
0:0:0:0:0:0:0:1 - - [27/Sep/2021:12:22:11 +0900] "GET /ServletTest/T05_ServletCookieTest?userId=ddd&name=%EC%9D%B4%EB%8F%99%EA%B7%BC HTTP/1.1" 200 430
0:0:0:0:0:0:0:1 - - [27/Sep/2021:12:22:27 +0900] "GET /ServletTest/T05_ServletCookieTest?userId=ddd&name=%EC%9D%B4%EB%8F%99%EA%B7%BC HTTP/1.1" 200 424
0:0:0:0:0:0:0:1 - - [27/Sep/2021:12:22:34 +0900] "GET /ServletTest/T05_ServletCookieTest HTTP/1.1" 200 227
127.0.0.1 - - [27/Sep/2021:12:25:04 +0900] "GET / HTTP/1.1" 404 1074
0:0:0:0:0:0:0:1 - - [27/Sep/2021:12:25:08 +0900] "GET /ServletTest/T05_ServletCookieTest HTTP/1.1" 200 227
0:0:0:0:0:0:0:1 - - [27/Sep/2021:12:25:22 +0900] "GET /ServletTest/T05_ServletCookieTest HTTP/1.1" 200 227
0:0:0:0:0:0:0:1 - - [27/Sep/2021:12:25:28 +0900] "GET /ServletTest/T05_ServletCookieTest HTTP/1.1" 200 227
0:0:0:0:0:0:0:1 - - [27/Sep/2021:12:25:40 +0900] "GET /ServletTest/T05_ServletCookieTest HTTP/1.1" 200 227
0:0:0:0:0:0:0:1 - - [27/Sep/2021:12:26:12 +0900] "GET /ServletTest/T05_ServletCookieTest?userId=hgd123123&name=%ED%99%8D%EA%B8%B8%EB%8F%99 HTTP/1.1" 200 227
0:0:0:0:0:0:0:1 - - [27/Sep/2021:12:26:20 +0900] "GET /ServletTest/T05_ServletCookieTest?userId=hgd123123&name=%ED%99%8D%EA%B8%B8%EB%8F%99 HTTP/1.1" 200 430
0:0:0:0:0:0:0:1 - - [27/Sep/2021:12:26:37 +0900] "GET /ServletTest/T05_ServletCookieTest HTTP/1.1" 200 233
0:0:0:0:0:0:0:1 - - [27/Sep/2021:12:26:43 +0900] "GET /ServletTest/T05_ServletCookieTest HTTP/1.1" 200 233
0:0:0:0:0:0:0:1 - - [27/Sep/2021:12:26:45 +0900] "GET /ServletTest/T05_ServletCookieTest HTTP/1.1" 200 233
127.0.0.1 - - [27/Sep/2021:12:38:01 +0900] "GET / HTTP/1.1" 404 1074
0:0:0:0:0:0:0:1 - - [27/Sep/2021:12:38:07 +0900] "GET /ServletTest/T05_ServletCookieTest HTTP/1.1" 200 276
127.0.0.1 - - [27/Sep/2021:12:38:35 +0900] "GET / HTTP/1.1" 404 1074
0:0:0:0:0:0:0:1 - - [27/Sep/2021:12:38:40 +0900] "GET /ServletTest/T05_ServletCookieTest HTTP/1.1" 200 197
0:0:0:0:0:0:0:1 - - [27/Sep/2021:12:38:53 +0900] "GET /ServletTest/T05_ServletCookieTest HTTP/1.1" 200 197
0:0:0:0:0:0:0:1 - - [27/Sep/2021:12:39:13 +0900] "GET /ServletTest/T05_ServletCookieTest?userId=hgd123123&name=%ED%99%8D%EA%B8%B8%EB%8F%99 HTTP/1.1" 200 197
0:0:0:0:0:0:0:1 - - [27/Sep/2021:12:39:17 +0900] "GET /ServletTest/T05_ServletCookieTest?userId=hgd123123&name=%ED%99%8D%EA%B8%B8%EB%8F%99 HTTP/1.1" 200 203
0:0:0:0:0:0:0:1 - - [27/Sep/2021:12:39:29 +0900] "GET /ServletTest/T05_ServletCookieTest? HTTP/1.1" 200 233
0:0:0:0:0:0:0:1 - - [27/Sep/2021:12:39:30 +0900] "GET /ServletTest/T05_ServletCookieTest HTTP/1.1" 200 233
0:0:0:0:0:0:0:1 - - [27/Sep/2021:12:39:59 +0900] "GET /ServletTest/T05_ServletCookieTest HTTP/1.1" 200 288
0:0:0:0:0:0:0:1 - - [27/Sep/2021:12:40:10 +0900] "GET /ServletTest/T05_ServletCookieTest HTTP/1.1" 200 197
0:0:0:0:0:0:0:1 - - [27/Sep/2021:12:40:55 +0900] "GET /ServletTest/T05_ServletCookieTest HTTP/1.1" 200 197
127.0.0.1 - - [27/Sep/2021:18:39:43 +0900] "GET / HTTP/1.1" 404 1074
127.0.0.1 - - [27/Sep/2021:18:41:57 +0900] "GET / HTTP/1.1" 404 1074
0:0:0:0:0:0:0:1 - - [27/Sep/2021:18:42:00 +0900] "GET /ServletStudy/T01_ServletLifeCycle HTTP/1.1" 500 -
0:0:0:0:0:0:0:1 - - [27/Sep/2021:18:42:03 +0900] "GET /ServletStudy/T01_ServletLifeCycle HTTP/1.1" 500 -
0:0:0:0:0:0:0:1 - - [27/Sep/2021:18:42:05 +0900] "GET /ServletStudy/T01_ServletLifeCycle HTTP/1.1" 500 -
0:0:0:0:0:0:0:1 - - [27/Sep/2021:18:42:28 +0900] "GET /ServletStudy/T01_ServletLifeCycle HTTP/1.1" 500 -
127.0.0.1 - - [27/Sep/2021:18:42:48 +0900] "GET / HTTP/1.1" 404 1074
0:0:0:0:0:0:0:1 - - [27/Sep/2021:18:42:50 +0900] "GET /ServletStudy/T01_ServletLifeCycle HTTP/1.1" 500 -
127.0.0.1 - - [27/Sep/2021:18:43:52 +0900] "GET / HTTP/1.1" 404 1074
127.0.0.1 - - [27/Sep/2021:18:44:36 +0900] "GET / HTTP/1.1" 404 1074
0:0:0:0:0:0:0:1 - - [27/Sep/2021:18:44:36 +0900] "GET /ServletStudy/T01_ServletLifeCycle HTTP/1.1" 500 410
0:0:0:0:0:0:0:1 - - [27/Sep/2021:18:44:36 +0900] "GET /favicon.ico HTTP/1.1" 404 1085
0:0:0:0:0:0:0:1 - - [27/Sep/2021:18:44:43 +0900] "GET /ServletStudy/ddd HTTP/1.1" 404 1094
0:0:0:0:0:0:0:1 - - [27/Sep/2021:18:44:49 +0900] "GET /ServletStudy/T04_ErrorHandlerTest HTTP/1.1" 200 122
127.0.0.1 - - [27/Sep/2021:18:45:44 +0900] "GET / HTTP/1.1" 404 1074
0:0:0:0:0:0:0:1 - - [27/Sep/2021:18:45:50 +0900] "GET /ServletStudy/T01_ServletLifeCycle HTTP/1.1" 500 410
0:0:0:0:0:0:0:1 - - [27/Sep/2021:18:45:55 +0900] "GET /ServletStudy/asdasd HTTP/1.1" 404 258
127.0.0.1 - - [27/Sep/2021:19:14:25 +0900] "GET / HTTP/1.1" 404 1074
0:0:0:0:0:0:0:1 - - [27/Sep/2021:19:14:42 +0900] "GET /ServletStudy/T05_ServletCookieTest HTTP/1.1" 500 368
0:0:0:0:0:0:0:1 - - [27/Sep/2021:19:15:27 +0900] "GET /ServletStudy/T05_ServletCookieTest?id=dddddddd&password=asdf1234&name=%EA%B3%A0%EA%B8%B8%EB%8F%99 HTTP/1.1" 200 262
0:0:0:0:0:0:0:1 - - [27/Sep/2021:19:15:57 +0900] "GET /ServletStudy/T05_ServletCookieTest?id=dddddddd&password=asdf1234&name=%EA%B3%A0%EA%B8%B8%EB%8F%99 HTTP/1.1" 200 262
127.0.0.1 - - [27/Sep/2021:19:24:33 +0900] "GET / HTTP/1.1" 404 1074
0:0:0:0:0:0:0:1 - - [27/Sep/2021:19:24:38 +0900] "GET /ServletTest/T05_ServletCookieTest HTTP/1.1" 200 197
127.0.0.1 - - [27/Sep/2021:19:26:42 +0900] "GET / HTTP/1.1" 404 1074
0:0:0:0:0:0:0:1 - - [27/Sep/2021:19:26:52 +0900] "GET /ServletStudy/T05_ServletCookieTest?id=asdfdd&password=asdf1234&name=%EA%B3%A0%EA%B8%B8%EB%8F%99 HTTP/1.1" 200 262
127.0.0.1 - - [27/Sep/2021:19:27:08 +0900] "GET / HTTP/1.1" 404 1074
0:0:0:0:0:0:0:1 - - [27/Sep/2021:19:27:20 +0900] "GET /ServletStudy/T05_ServletCookieTest?id=asdfdd&password=asdf1234&name=%EC%9D%B4%EC%88%9C%EC%8B%A0 HTTP/1.1" 200 262
0:0:0:0:0:0:0:1 - - [27/Sep/2021:19:27:56 +0900] "GET /ServletStudy/T05_ServletCookieTest?id=asdfdd&password=asdf1234&name=%EC%9D%B4%EC%88%9C%EC%8B%A0 HTTP/1.1" 200 262
127.0.0.1 - - [27/Sep/2021:19:28:08 +0900] "GET / HTTP/1.1" 404 1074
0:0:0:0:0:0:0:1 - - [27/Sep/2021:19:28:21 +0900] "GET /ServletStudy/T05_ServletCookieTest?id=leess1592&password=asdf1234&name=%EC%9D%B4%EC%88%9C%EC%8B%A0 HTTP/1.1" 200 262
127.0.0.1 - - [27/Sep/2021:19:32:25 +0900] "GET / HTTP/1.1" 404 1074
0:0:0:0:0:0:0:1 - - [27/Sep/2021:19:32:29 +0900] "GET /ServletStudy/T05_ServletCookieTest HTTP/1.1" 200 272
127.0.0.1 - - [27/Sep/2021:19:32:59 +0900] "GET / HTTP/1.1" 404 1074
0:0:0:0:0:0:0:1 - - [27/Sep/2021:19:33:25 +0900] "GET /ServletStudy/T05_ServletCookieTest?userId=abcd123&password=1q2w3e4r&name=%EC%9D%B4%EC%88%9C%EC%8B%A0 HTTP/1.1" 200 265
0:0:0:0:0:0:0:1 - - [27/Sep/2021:19:33:33 +0900] "GET /ServletStudy/T05_ServletCookieTest?userId=abcd123&password=1q2w3e4r&name=%EC%9D%B4%EC%88%9C%EC%8B%A0 HTTP/1.1" 200 265
127.0.0.1 - - [27/Sep/2021:19:34:04 +0900] "GET / HTTP/1.1" 404 1074
0:0:0:0:0:0:0:1 - - [27/Sep/2021:19:34:09 +0900] "GET /ServletStudy/T05_ServletCookieTest HTTP/1.1" 200 279
0:0:0:0:0:0:0:1 - - [27/Sep/2021:19:34:19 +0900] "GET /ServletStudy/T05_ServletCookieTest HTTP/1.1" 200 279
0:0:0:0:0:0:0:1 - - [27/Sep/2021:19:34:20 +0900] "GET /ServletStudy/T05_ServletCookieTest HTTP/1.1" 200 279
0:0:0:0:0:0:0:1 - - [27/Sep/2021:19:34:20 +0900] "GET /ServletStudy/T05_ServletCookieTest HTTP/1.1" 200 279
0:0:0:0:0:0:0:1 - - [27/Sep/2021:19:34:21 +0900] "GET /ServletStudy/T05_ServletCookieTest HTTP/1.1" 200 279
127.0.0.1 - - [27/Sep/2021:19:45:00 +0900] "GET / HTTP/1.1" 404 1074
0:0:0:0:0:0:0:1 - - [27/Sep/2021:19:45:04 +0900] "GET /ServletStudy/T05_ServletCookieTest HTTP/1.1" 200 344
0:0:0:0:0:0:0:1 - - [27/Sep/2021:19:45:08 +0900] "GET /ServletStudy/T05_ServletCookieTest HTTP/1.1" 200 257
127.0.0.1 - - [27/Sep/2021:19:49:26 +0900] "GET / HTTP/1.1" 404 1074
0:0:0:0:0:0:0:1 - - [27/Sep/2021:19:49:29 +0900] "GET /ServletStudy/T05_ServletCookieTest HTTP/1.1" 200 317
